Nume,Punctaj Teme,Punctaj Curs,Punctaj Exam,Punctaj Total
Aaliyah Oliver,4.16,0.71,2.70,7.57
Aaron Naomi,4.25,1.50,4.22,9.22
Abigail Wyatt,178.75,1.14,4.50,9.50
Adalyn Josiah,4.79,1.36,3.30,8.30
Adam Callie,4.14,,3.55,7.69
Addison Joseph,3.45,0.21,2.63,6.29
Adeline Theo,3.90,,1.67,4.00
Adrian Eleanor,3.23,,2.92,6.15
Aiden Emma,2.76,0.43,1.80,4.00
Alaina Zion,4.29,0.64,3.82,8.75
Alexander Ella,3.94,1.29,3.57,8.57
Allison Max,3.22,0.21,0.27,4.00
Amaya Hunter,0.50,0.14,,4.00
Amelia Caden,3.26,0.71,3.42,7.39
Anaya Malachi,3.24,0.36,4.08,7.68
Anna Hudson,4.89,1.57,3.28,8.28
Anthony Raelynn,3.54,0.71,2.92,7.17
Aria Lucas,2.70,1.14,3.07,6.91
Ariana Colton,0.00,,,4.00
Asher Maya,2.59,0.21,1.92,4.00
Aubrey Owen,3.23,0.64,2.17,4.00
Audrey Cooper,4.75,1.64,4.08,9.08
Aurora Luke,4.67,1.57,3.20,8.20
Ava Elijah,0.86,0.57,,4.00
Avery Benjamin,2.84,0.86,2.80,6.50
Bella Nolan,4.36,1.21,3.17,8.17
Benjamin Avery,3.85,1.29,3.18,8.18
Brooklyn Ian,0.50,,,4.00
Caden Amelia,4.77,1.50,4.60,9.60
Caleb Nova,4.18,1.00,2.80,7.80
Callie Adam,3.62,0.14,3.85,7.61
Cameron Peyton,3.75,1.14,2.68,7.57
Camilla Carter,3.64,,2.67,6.31
Carson Hannah,0.00,,,4.00
Carter Camilla,0.00,,,4.00
Charlie Henry,3.60,0.14,2.90,6.64
Charlotte Jayden,4.91,1.64,4.27,9.27
Chloe Daniel,2.76,0.00,,4.00
Christian Lelani,2.70,0.43,1.67,4.00
Claire Evan,3.40,,2.67,6.07
Colton Ariana,3.03,1.21,3.43,7.67
Connor Victoria,4.10,1.36,2.93,7.93
Cora Brayden,3.73,,3.18,6.91
Daniel Chloe,3.02,0.29,2.78,6.09
David Emery,5.00,1.71,5.00,10.00
Delilah Andrew,2.91,,1.78,4.00
Easton Liliana,4.44,1.14,3.63,8.63
Eleanor Adrian,1.84,0.21,,4.00
Elena Lincoln,2.39,1.07,4.07,7.53
Eli Grace,4.84,1.71,3.95,8.95
Eliana Ethan,0.00,0.07,,4.00
Elias Hailey,3.18,0.71,3.67,7.56
Elijah Ava,0.00,,,4.00
Elizabeth Nathan,0.00,,2.55,4.00
Ella Alexander,3.22,1.14,4.40,8.76
Ellie Julian,2.25,1.00,2.18,4.00
Emerson Beau,1.68,,,4.00
Emery David,4.46,1.07,3.95,8.95
Emilia Isaac,3.20,1.36,1.67,4.00
Emily Gabriel,5.00,1.57,4.47,9.47
Emma Aiden,2.40,0.21,2.55,5.16
Ethan Eliana,5.00,1.50,2.95,7.95
Eva Santiago,3.35,1.79,3.47,8.47
Evelyn Logan,4.90,1.71,3.70,8.70
Everly James,0.00,,,4.00
Ezekiel Natalie,0.60,0.43,,4.00
Ezra Paisley,3.72,0.64,3.17,7.53
Gabriel Emily,4.37,1.29,3.30,8.30
Gabriella Dominic,2.29,1.29,4.07,7.65
Gianna Levi,4.90,1.57,3.82,8.82
Grace Eli,2.96,0.64,3.07,6.67
Grayson Isabella,3.70,0.71,1.67,4.00
Hailey Elias,3.63,1.14,3.93,8.70
Hannah Carson,4.87,1.14,3.28,8.28
Harper Leo,0.00,,,4.00
Hazel Nicholas,4.13,1.64,3.67,8.67
Henry Charlie,1.85,,,4.00
Hudson Anna,4.20,1.07,2.93,7.93
Ian Brooklyn,3.50,1.43,2.80,7.73
Isaac Emilia,3.42,0.50,1.67,4.00
Isabella Grayson,0.00,,,4.00
Isabelle Xavier,3.00,0.64,2.92,6.56
Isaiah Madelyn,4.69,1.14,2.18,4.00
Isla Jayce,0.00,,,4.00
Ivy Jeremiah,0.00,,,4.00
Jack Leah,4.82,1.21,3.70,8.70
Jackson Riley,4.06,1.36,3.67,8.67
Jacob Scarlett,3.33,0.07,0.53,4.00
James Everly,2.90,,0.67,4.00
Jameson Melanie,0.00,0.07,,4.00
Jasmine Elliot,4.94,1.29,3.82,8.82
Jayce Isla,0.00,,,4.00
Jayden Charlotte,0.00,,,4.00
John Mackenzie,0.00,,,4.00
Joseph Addison,3.10,1.43,2.68,7.21
Joshua Kennedy,4.36,1.50,3.17,8.17
Josiah Adalyn,0.00,0.29,,4.00
Julian Ellie,4.88,1.50,3.70,8.70
Kai Violet,3.37,1.29,3.05,7.71
Kaylee Zane,4.64,1.64,3.68,8.68
Kennedy Joshua,5.00,1.36,3.17,8.17
Kinsley Miles,0.00,,0.13,4.00
Landon Skyler,4.29,1.50,2.93,7.93
Layla Muhammad,4.68,1.29,3.32,8.32
Leah Jack,0.00,,,4.00
Lelani Christian,2.75,,2.40,4.00
Leo Harper,0.00,,,4.00
Levi Gianna,0.00,,2.90,4.00
Liam Sophia,0.00,,4.07,4.00
Lila Matthew,4.94,1.21,3.93,8.93
Liliana Easton,2.46,0.36,3.05,5.87
Lillian Christopher,3.36,1.36,2.17,4.00
Lily Luca,2.66,1.21,2.32,4.00
Lincoln Elena,0.00,,,4.00
Logan Evelyn,3.56,1.14,3.93,8.63
London Damian,4.82,1.29,4.22,9.22
Luca Lily,4.43,1.29,5.00,10.00
Lucas Aria,0.65,0.57,,4.00
Lucy Dylan,4.87,1.29,3.03,8.03
Luke Aurora,4.34,1.50,3.68,8.68
Luna Michael,2.60,0.14,2.03,4.00
Mackenzie John,3.31,1.07,3.30,7.68
Madelyn Isaiah,3.00,0.21,2.65,5.86
Madison William,3.30,0.07,3.17,6.54
Makayla Jonathan,2.05,0.57,,4.00
Maria Axel,3.14,0.21,2.28,4.00
Mason Zoe,4.78,1.79,3.82,8.82
Mateo Mia,3.24,1.71,2.93,7.88
Matthew Lila,2.45,0.79,0.90,4.00
Maverick Penelope,0.00,,,4.00
Maya Asher,4.45,1.00,3.53,8.53
Melanie Jameson,0.00,0.14,,4.00
Mia Mateo,0.00,0.00,,4.00
Michael Luna,4.99,,4.73,9.72
Mila Sebastian,4.31,1.36,3.70,8.70
Miles Kinsley,0.00,,,4.00
Muhammad Layla,4.83,1.71,3.68,8.68
Naomi Aaron,2.05,0.93,0.67,4.00
Natalie Ezekiel,4.99,1.29,4.53,9.53
Nathan Elizabeth,1.60,1.50,,4.00
Nevaeh Jordyn,2.08,0.71,,4.00
Nicholas Hazel,3.12,1.36,3.57,8.05
Noah Olivia,4.44,1.57,4.33,9.33
Nolan Bella,0.00,,,4.00
Nora Ryan,0.00,,,4.00
Nova Caleb,1.00,,,4.00
Nyla Bryson,0.00,,,4.00
Oliver Aaliyah,2.45,,1.93,4.00
Olivia Noah,2.96,0.36,2.93,6.25
Owen Aubrey,4.83,1.71,4.00,9.00
Paisley Ezra,4.27,1.57,3.57,8.57
Penelope Maverick,4.22,1.36,3.93,8.93
Peyton Cameron,3.60,0.00,3.67,7.27
Raelynn Anthony,4.94,1.71,5.00,10.00
Reagan Rowan,0.10,0.21,,4.00
Riley Jackson,4.23,1.14,3.95,8.95
Ryan Nora,3.11,0.71,3.50,7.32
Samuel Sarah,4.36,1.21,4.20,9.20
Sarah Samuel,2.72,1.29,,4.00
Savannah Amir,2.76,0.21,2.67,5.64
Scarlett Jacob,4.20,1.07,3.68,8.68
Sebastian Mila,4.91,1.43,3.53,8.53
Skyler Landon,0.00,,,4.00
Sophie Theodore,4.81,1.57,3.95,8.95
Stella Thomas,4.75,1.43,3.57,8.57
Thomas Stella,3.38,0.93,0.80,4.00
Victoria Connor,3.70,1.36,2.80,7.80
Violet Kai,4.56,1.50,3.73,8.73
William Madison,3.01,0.93,2.67,6.61
Willow Roman,3.36,0.93,3.80,8.09
Wyatt Abigail,1.64,,,4.00
Xavier Isabelle,4.71,1.50,3.68,8.68
Zane Kaylee,4.01,1.71,3.20,8.20
Zoe Mason,3.95,0.57,1.93,4.00