01
8
5
6 
0,'0',2
0,'1',3
1,'0',2
1,'1',4
2,'0',7
2,'1',1
3,'0',7
3,'1',4
4,'0',6
4,'1',4
5,'0',0
5,'1',7
6,'0',7
6,'1',7
7,'0',7
7,'1',7
