01
9
2
0 1 7 
0,'0',0
0,'1',3
1,'0',0
1,'1',3
2,'0',0
2,'1',4
3,'0',1
3,'1',5
4,'0',1
4,'1',5
5,'0',7
5,'1',5
6,'0',7
6,'1',5
7,'0',8
7,'1',6
8,'0',8
8,'1',8
