abc
6
3
4 
0,'a',0
0,'b',2
0,'c',4
1,'a',0
1,'b',2
1,'c',4
2,'a',1
2,'b',2
2,'c',4
3,'a',1
3,'b',2
3,'c',4
4,'a',5
4,'b',5
4,'c',5
5,'a',5
5,'b',5
5,'c',5
