abd
5
2
0 1 2 
0,'a',3
0,'b',0
0,'d',1
1,'a',3
1,'b',4
1,'d',1
2,'a',3
2,'b',4
2,'d',1
3,'a',4
3,'b',0
3,'d',4
4,'a',4
4,'b',4
4,'d',4
