bcd
6
1
0 1 2 
0,'b',3
0,'c',0
0,'d',5
1,'b',3
1,'c',0
1,'d',5
2,'b',3
2,'c',5
2,'d',5
3,'b',4
3,'c',5
3,'d',2
4,'b',4
4,'c',5
4,'d',2
5,'b',5
5,'c',5
5,'d',5
