ab
4
2
0 1 2 
0,'a',0
0,'b',1
1,'a',0
1,'b',1
2,'a',0
2,'b',1
3,'a',3
3,'b',3
