abcd
6
0
0 3 4 
0,'a',1
0,'b',5
0,'c',5
0,'d',4
1,'a',5
1,'b',2
1,'c',3
1,'d',5
2,'a',5
2,'b',2
2,'c',3
2,'d',5
3,'a',5
3,'b',5
3,'c',5
3,'d',5
4,'a',5
4,'b',5
4,'c',5
4,'d',4
5,'a',5
5,'b',5
5,'c',5
5,'d',5
