abcde
8
2
0 1 2 3 4 
0,'a',6
0,'b',0
0,'c',1
0,'d',5
0,'e',7
1,'a',6
1,'b',0
1,'c',1
1,'d',5
1,'e',7
2,'a',6
2,'b',0
2,'c',1
2,'d',5
2,'e',7
3,'a',6
3,'b',7
3,'c',7
3,'d',5
3,'e',7
4,'a',6
4,'b',7
4,'c',7
4,'d',5
4,'e',7
5,'a',3
5,'b',7
5,'c',7
5,'d',7
5,'e',7
6,'a',7
6,'b',7
6,'c',7
6,'d',7
6,'e',4
7,'a',7
7,'b',7
7,'c',7
7,'d',7
7,'e',7
