bcd
5
2
3 
0,'b',0
0,'c',4
0,'d',1
1,'b',0
1,'c',3
1,'d',4
2,'b',0
2,'c',4
2,'d',4
3,'b',4
3,'c',4
3,'d',4
4,'b',4
4,'c',4
4,'d',4
