cdef
6
3
0 1 2 3 
0,'c',2
0,'d',4
0,'e',5
0,'f',1
1,'c',2
1,'d',4
1,'e',5
1,'f',1
2,'c',2
2,'d',4
2,'e',5
2,'f',1
3,'c',2
3,'d',4
3,'e',5
3,'f',1
4,'c',5
4,'d',5
4,'e',0
4,'f',5
5,'c',5
5,'d',5
5,'e',5
5,'f',5
