abcd
6
0
2 4 
0,'a',1
0,'b',5
0,'c',3
0,'d',5
1,'a',5
1,'b',2
1,'c',5
1,'d',5
2,'a',5
2,'b',5
2,'c',5
2,'d',5
3,'a',5
3,'b',5
3,'c',5
3,'d',4
4,'a',5
4,'b',5
4,'c',5
4,'d',5
5,'a',5
5,'b',5
5,'c',5
5,'d',5
