abc
5
1
0 1 3 
0,'a',0
0,'b',4
0,'c',4
1,'a',0
1,'b',2
1,'c',4
2,'a',4
2,'b',4
2,'c',3
3,'a',4
3,'b',4
3,'c',4
4,'a',4
4,'b',4
4,'c',4
